0.342466
0.131915
0.267872
0.18798
0.0348837
0.0348837
