0.0389008
0.282464
0.0655801
0.0560446
0.228946
0.328065
