0.342466
0.131916
0.267871
0.18798
0.0348837
0.0348837
